// Jest Snapshot v1, https://goo.gl/fbAQLP

exports[`BeerBox renders correctly 1`] = `
<View
  style={
    Object {
      "backgroundColor": "#fff",
      "elevation": 1,
      "height": 224,
      "marginTop": 32,
      "padding": 24,
      "width": 256,
    }
  }
>
  <Text
    accessible={true}
    allowFontScaling={true}
    ellipsizeMode="tail"
  >
    Fake name
  </Text>
  <Text
    accessible={true}
    allowFontScaling={true}
    ellipsizeMode="tail"
  >
    0.5
    % alcool
  </Text>
</View>
`;
