// Jest Snapshot v1, https://goo.gl/fbAQLP

exports[`App renders correctly 1`] = `
<View
  style={
    Object {
      "backgroundColor": "#FFEE99",
      "flex": 1,
    }
  }
>
  <View
    style={
      Object {
        "backgroundColor": "#385B79",
        "paddingBottom": 10,
        "paddingHorizontal": 10,
        "paddingTop": 54,
      }
    }
  >
    <Text
      accessible={true}
      allowFontScaling={true}
      ellipsizeMode="tail"
      style={
        Object {
          "color": "#fff",
          "fontSize": 24,
          "textAlign": "center",
        }
      }
    >
      Urbanna Beer
    </Text>
  </View>
  <RCTScrollView
    contentContainerStyle={
      Object {
        "alignItems": "center",
        "paddingBottom": 32,
      }
    }
  >
    <View>
      <View
        style={
          Object {
            "backgroundColor": "#385B79",
            "elevation": 1,
            "marginTop": 32,
            "minHeight": 224,
            "padding": 24,
            "width": 256,
          }
        }
      />
    </View>
  </RCTScrollView>
</View>
`;
